current directory: /home/dmaiocchi/bin/automation/velum-bootstrap/.bundler/ruby/2.5.0/gems/websocket-driver-0.6.5/ext/websocket-driver
/usr/bin/ruby.ruby2.5 -r ./siteconf20180917-17870-11oczqb.rb extconf.rb
creating Makefile

current directory: /home/dmaiocchi/bin/automation/velum-bootstrap/.bundler/ruby/2.5.0/gems/websocket-driver-0.6.5/ext/websocket-driver
make "DESTDIR=" clean

current directory: /home/dmaiocchi/bin/automation/velum-bootstrap/.bundler/ruby/2.5.0/gems/websocket-driver-0.6.5/ext/websocket-driver
make "DESTDIR="
compiling websocket_mask.c
linking shared-object websocket_mask.so

current directory: /home/dmaiocchi/bin/automation/velum-bootstrap/.bundler/ruby/2.5.0/gems/websocket-driver-0.6.5/ext/websocket-driver
make "DESTDIR=" install
/usr/bin/install -c -m 0755 websocket_mask.so ./.gem.20180917-17870-wf0ce9
